// Jest Snapshot v1, https://goo.gl/fbAQLP

exports[`Test Auto Generated Output can provide custom matchers 1`] = `"payload.ACPExtensionEventData.type==\`personalization:decisions\` && (payload.ACPExtensionEventSource!=\`com.adobe.eventSource.errorResponseContent\` && payload.ACPExtensionEventSource!=\`com.adobe.eventSource.requestContent\`) && (payload.ACPExtensionEventType==\`com.adobe.eventType.edge\` || payload.ACPExtensionEventType==\`com.adobe.eventtype.edge\`) && timestamp && payload.ACPExtensionEventData.payload[0].placement.id"`;
